A,B-->C;
C-->A;
B,C-->D;
D-->E;
D-->G;
B,E-->C;
C,E-->G;
C,G-->B;