[
  {
    "left": [ "A" ],
    "right": [ "D" ]
  },
  {
    "left": [ "C" ],
    "right": [ "A" ]
  },
  {
    "left": [ "C" ],
    "right": [ "B" ]
  },
  {
    "left": [ "E" ],
    "right": [ "A" ]
  }
]

