[
  {
    "left": [ "A" ],
    "right": [ "B" ]
  },
  {
    "left": [ "B" ],
    "right": [ "C" ]
  },
  {
    "left": [ "A" ],
    "right": [ "D" ]
  }
]
