[
  {
    "left": [ "A", "B" ],
    "right": [ "C" ]
  },
  {
    "left": [ "C" ],
    "right": [ "A" ]
  },
  {
    "left": [ "B", "C" ],
    "right": [ "D" ]
  },
  {
    "left": [ "D" ],
    "right": [ "E" ]
  },
  {
    "left": [ "D" ],
    "right": [ "G" ]
  },
  {
    "left": [ "B", "E" ],
    "right": [ "C" ]
  },
  {
    "left": [ "C", "G" ],
    "right": [ "B" ]
  },
  {
    "left": [ "C", "E" ],
    "right": [ "G" ]
  }
]
